MPLINK 4.49, Linker
Linker Map File - Created Sat Nov 24 19:48:39 2018

                                 Section Info
                  Section       Type    Address   Location Size(Bytes)
                ---------  ---------  ---------  ---------  ---------
                   .org_0       code   0x000000    program   0x000000
                   .org_1       code   0x000000    program   0x000078
.config_2007_UYGULAMA-54.O       code   0x002007    program   0x000002



                              Program Memory Usage 
                               Start         End      
                           ---------   ---------      
                            0x000000    0x00003b      
                            0x002007    0x002007      
            61 out of 8454 program addresses used, program memory utilization is 0%



                              Symbols - Sorted by Name
                     Name    Address   Location    Storage File                     
                ---------  ---------  ---------  --------- ---------                
                ANA_METOT   0x000001    program     static D:\mikroislemciler\2018GuzDonemi\54.uygulama\uygulama-54.asm
               DUTY_ARTIR   0x00002e    program     static D:\mikroislemciler\2018GuzDonemi\54.uygulama\uygulama-54.asm
               DUTY_AZALT   0x000035    program     static D:\mikroislemciler\2018GuzDonemi\54.uygulama\uygulama-54.asm
                  KONTROL   0x000025    program     static D:\mikroislemciler\2018GuzDonemi\54.uygulama\uygulama-54.asm
                PWM_RESET   0x00003c    program     static D:\mikroislemciler\2018GuzDonemi\54.uygulama\uygulama-54.asm
                  PWM_SET   0x00003c    program     static D:\mikroislemciler\2018GuzDonemi\54.uygulama\uygulama-54.asm



                              Symbols - Sorted by Address
                     Name    Address   Location    Storage File                     
                ---------  ---------  ---------  --------- ---------                
                ANA_METOT   0x000001    program     static D:\mikroislemciler\2018GuzDonemi\54.uygulama\uygulama-54.asm
                  KONTROL   0x000025    program     static D:\mikroislemciler\2018GuzDonemi\54.uygulama\uygulama-54.asm
               DUTY_ARTIR   0x00002e    program     static D:\mikroislemciler\2018GuzDonemi\54.uygulama\uygulama-54.asm
               DUTY_AZALT   0x000035    program     static D:\mikroislemciler\2018GuzDonemi\54.uygulama\uygulama-54.asm
                PWM_RESET   0x00003c    program     static D:\mikroislemciler\2018GuzDonemi\54.uygulama\uygulama-54.asm
                  PWM_SET   0x00003c    program     static D:\mikroislemciler\2018GuzDonemi\54.uygulama\uygulama-54.asm


